// Jest Snapshot v1, https://goo.gl/fbAQLP

exports[`WarningIcon [common] example testing should match snapshot(s) for 1.default 1`] = `
<Icon
  aspectRatio="xMidYMid meet"
  className="lucid-WarningIcon"
  isClickable={false}
  isDisabled={false}
  nativeWidth={16}
  size={16}
  viewBox="0 0 16 16"
>
  <path
    className="lucid-WarningIcon-background"
    d="M.5 15h15L8 .5z"
  />
  <path
    className="lucid-WarningIcon-mark"
    d="M7.99 6v4"
  />
  <circle
    className="lucid-WarningIcon-mark"
    cx="7.99"
    cy="12"
    r=".293"
  />
</Icon>
`;
