// Jest Snapshot v1, https://goo.gl/fbAQLP

exports[`SeparatorIcon [common] example testing should match snapshot(s) for 1.default 1`] = `
<Icon
  className="lucid-SeparatorIcon"
>
  <path
    d="M5.2 0h1.5l4 8-4 8H5.2l4-8-4-8z"
  />
</Icon>
`;
