// Jest Snapshot v1, https://goo.gl/fbAQLP

exports[`SuccessIcon [common] example testing should match snapshot(s) for 1.default 1`] = `
<Icon
  className="lucid-SuccessIcon"
>
  <circle
    className="lucid-SuccessIcon-background"
    cx="8"
    cy="8"
    r="7.5"
  />
  <path
    className="lucid-SuccessIcon-check"
    d="M4.5 8L7 10.5 11.5 6"
  />
</Icon>
`;
