// Jest Snapshot v1, https://goo.gl/fbAQLP

exports[`CodeIcon [common] example testing should match snapshot(s) for 1.default 1`] = `
<Icon
  className="lucid-CodeIcon"
>
  <path
    d="M12.5 4l3 4-3 4m-9-8l-3 4 3 4"
  />
  <path
    d="M6.5 13.5l3-11"
  />
</Icon>
`;
