// Jest Snapshot v1, https://goo.gl/fbAQLP

exports[`HomeIcon [common] example testing should match snapshot(s) for 1.default 1`] = `
<Icon
  className="lucid-HomeIcon"
>
  <path
    d="M8 .5l-7.5 6v9h5v-7h5v7h5v-9z"
  />
</Icon>
`;
