// Jest Snapshot v1, https://goo.gl/fbAQLP

exports[`UploadIcon [common] example testing should match snapshot(s) for 1.default 1`] = `
<Icon
  className="lucid-UploadIcon"
>
  <path
    d="M8 12V.5m5 5l-5-5-5 5"
  />
  <path
    d="M.5 13.5v2h15v-2"
  />
</Icon>
`;
