// Jest Snapshot v1, https://goo.gl/fbAQLP

exports[`Legend [common] example testing should match snapshot(s) for basic 1`] = `
<ul
  className="lucid-Legend lucid-Legend-is-vertical lucid-Legend-has-borders"
>
  <li
    className="lucid-Legend-Item"
    key="0"
    onClick={[Function]}
  >
    <svg
      className="lucid-Legend-Item-indicator"
      height={12}
      width={12}
    >
      <Point
        color="#ff0000"
        hasStroke={false}
        kind={1}
        scale={1}
        x={6}
        y={6}
      />
    </svg>
    Hello
  </li>
</ul>
`;
