// Jest Snapshot v1, https://goo.gl/fbAQLP

exports[`UserIcon [common] example testing should match snapshot(s) for 1.default 1`] = `
<Icon
  aspectRatio="xMidYMid meet"
  className="lucid-UserIcon"
  isClickable={false}
  isDisabled={false}
  nativeWidth={16}
  size={16}
  viewBox="0 0 16 16"
>
  <path
    d="M.5 16a7.5 7.5 0 0 1 15 0"
  />
  <circle
    cx="8"
    cy="4.5"
    r="4"
  />
</Icon>
`;
