// Jest Snapshot v1, https://goo.gl/fbAQLP

exports[`EditIcon [common] example testing should match snapshot(s) for 1.default 1`] = `
<Icon
  className="lucid-EditIcon"
>
  <path
    d="M4.541 14.522L.548 15.547l.974-4.006L12.452.472l3.019 2.981zm5.924-12.038l3.019 2.981M2.5 10.5l3 3"
  />
</Icon>
`;
