// Jest Snapshot v1, https://goo.gl/fbAQLP

exports[`InfoIcon [common] example testing should match snapshot(s) for 1.default 1`] = `
<Icon
  aspectRatio="xMidYMid meet"
  className="lucid-InfoIcon"
  isClickable={false}
  isDisabled={false}
  nativeWidth={16}
  size={16}
  viewBox="0 0 16 16"
>
  <circle
    className="lucid-InfoIcon-background"
    cx="8"
    cy="8"
    r="7.5"
  />
  <path
    className="lucid-InfoIcon-i"
    d="M7.99 12.5v-6"
  />
  <circle
    className="lucid-InfoIcon-i"
    cx="7.99"
    cy="4"
    r=".293"
  />
</Icon>
`;
