// Jest Snapshot v1, https://goo.gl/fbAQLP

exports[`ResizeIcon [common] example testing should match snapshot(s) for 1.default 1`] = `
<Icon
  className="lucid-ResizeIcon"
>
  <path
    d="M13.5 15.5l2-2m-6 2l6-6"
  />
</Icon>
`;
