// Jest Snapshot v1, https://goo.gl/fbAQLP

exports[`DuplicateIcon [common] example testing should match snapshot(s) for 1.default 1`] = `
<Icon
  className="lucid-DuplicateIcon"
>
  <path
    d="M1.5 4.5h9v11h-9z"
  />
  <path
    d="M10.5 11.5h4V.5h-9v4"
  />
</Icon>
`;
