// Jest Snapshot v1, https://goo.gl/fbAQLP

exports[`EqualsIcon [common] example testing should match snapshot(s) for 1.default 1`] = `
<Icon
  className="lucid-EqualsIcon"
>
  <path
    d="M.5 5.5h15m-15 5h15"
  />
</Icon>
`;
