// Jest Snapshot v1, https://goo.gl/fbAQLP

exports[`FolderIcon [common] example testing should match snapshot(s) for 1.default 1`] = `
<Icon
  className="lucid-FolderIcon"
>
  <path
    d="M.5 4.5h15v10H.5zm0 0v-3h5l2 3"
  />
</Icon>
`;
