// Jest Snapshot v1, https://goo.gl/fbAQLP

exports[`ClockIcon [common] example testing should match snapshot(s) for 1.default 1`] = `
<Icon
  aspectRatio="xMidYMid meet"
  className="lucid-ClockIcon"
  isClickable={false}
  isDisabled={false}
  nativeSize={16}
  size={16}
  viewBox="0 0 16 16"
>
  <circle
    cx="8"
    cy="8"
    r="7.5"
  />
  <path
    d="M8 3.5v5l2.75 2.25"
  />
</Icon>
`;
