// Jest Snapshot v1, https://goo.gl/fbAQLP

exports[`CheckIcon [common] example testing should match snapshot(s) for 1.default 1`] = `
<Icon
  className="lucid-CheckIcon"
>
  <path
    d="M.5 7L6 12.5 15.5 3"
  />
</Icon>
`;
