// Jest Snapshot v1, https://goo.gl/fbAQLP

exports[`FilterIcon [common] example testing should match snapshot(s) for 1.default 1`] = `
<Icon
  className="lucid-FilterIcon"
>
  <path
    d="M.5.5v2l6 6v7l3-2v-5l6-6v-2z"
  />
</Icon>
`;
