// Jest Snapshot v1, https://goo.gl/fbAQLP

exports[`RefreshIcon [common] example testing should match snapshot(s) for 1.default 1`] = `
<Icon
  className="lucid-RefreshIcon"
>
  <path
    d="M15.5 8a7.5 7.5 0 1 1-1.122-3.949"
  />
  <path
    d="M14.5.244v4h-4"
  />
</Icon>
`;
