// Jest Snapshot v1, https://goo.gl/fbAQLP

exports[`UnlockedIcon [common] example testing should match snapshot(s) for 1.default 1`] = `
<Icon
  className="lucid-UnlockedIcon"
>
  <path
    d="M1.5 6.5h13v9h-13zm2 0V5a4.5 4.5 0 0 1 8.741-1.508M7.99 13.293v-3"
  />
  <circle
    cx="8"
    cy="10"
    r=".5"
  />
</Icon>
`;
