// Jest Snapshot v1, https://goo.gl/fbAQLP

exports[`AsteriskIcon [common] example testing should match snapshot(s) for 1.default 1`] = `
<Icon
  aspectRatio="xMidYMid meet"
  className="lucid-AsteriskIcon"
  isClickable={false}
  isDisabled={false}
  nativeWidth={16}
  size={16}
  viewBox="0 0 16 16"
>
  <path
    d="M8 0v16m6.928-12L1.072 12m0-8l13.856 8"
  />
</Icon>
`;
