// Jest Snapshot v1, https://goo.gl/fbAQLP

exports[`CalendarIcon [common] example testing should match snapshot(s) for 1.default 1`] = `
<Icon
  className="lucid-CalendarIcon"
>
  <path
    d="M.5 2.5h15v13H.5zm4-2.5v4.5m7-4.5v4.5m-11 2h15"
  />
</Icon>
`;
