// Jest Snapshot v1, https://goo.gl/fbAQLP

exports[`MinimizeIcon [common] example testing should match snapshot(s) for 1.default 1`] = `
<Icon
  aspectRatio="xMidYMid meet"
  className="lucid-MinimizeIcon"
  isClickable={false}
  isDisabled={false}
  nativeSize={16}
  size={16}
  viewBox="0 0 16 16"
>
  <path
    d="M15.5 6.5h-6v-6m-3 15v-6h-6"
  />
</Icon>
`;
