// Jest Snapshot v1, https://goo.gl/fbAQLP

exports[`FileIcon [common] example testing should match snapshot(s) for 1.default 1`] = `
<Icon
  className="lucid-FileIcon"
>
  <path
    d="M2.5.5v15h11v-11l-4-4z"
  />
  <path
    d="M13.25 5H9V.75"
  />
</Icon>
`;
