// Jest Snapshot v1, https://goo.gl/fbAQLP

exports[`BellIcon [common] example testing should match snapshot(s) for 1.default 1`] = `
<Icon
  aspectRatio="xMidYMid meet"
  className="lucid-BellIcon"
  color="primary"
  isClickable={false}
  isDisabled={false}
  size={16}
  viewBox="0 0 16 16"
>
  <path
    d="M5.5 12.5v.5a2.5 2.5 0 1 0 5 0l.003-.495M14.5 12.5v-2s-1.884-1.587-1.884-6.024C12.616 3.575 11.707.5 8 .5S3.384 3.575 3.384 4.476C3.384 8.913 1.5 10.5 1.5 10.5v2h13z"
  />
</Icon>
`;
