// Jest Snapshot v1, https://goo.gl/fbAQLP

exports[`DropMenu [common] example testing should match snapshot(s) for 09.stateless 1`] = `
<div
  className="lucid-DropMenu lucid-DropMenu-base lucid-DropMenu-is-expanded lucid-DropMenu-direction-down"
>
  <ContextMenu
    alignment="start"
    direction="down"
    directonOffset={0}
    getAlignmentOffset={[Function]}
    isExpanded={true}
    minWidthOffset={0}
    onClickOut={[Function]}
    portalId="1-DropMenu-Portal-8"
  >
    <ContextMenu.Target
      elementType="span"
    >
      <div
        className="lucid-DropMenu-Control"
        onClick={[Function]}
        onKeyDown={[Function]}
        tabIndex={0}
      >
        <Button
          hasOnlyIcon={false}
          isActive={false}
          isDisabled={false}
          onClick={[Function]}
          type="button"
        >
          Select Color
        </Button>
      </div>
    </ContextMenu.Target>
    <ContextMenu.FlyOut
      className="lucid-DropMenu"
      style={
        Object {
          "maxHeight": "18em",
        }
      }
    >
      <div
        className="lucid-DropMenu-option-container"
        style={
          Object {
            "maxHeight": "18em",
          }
        }
      >
        <div
          className="lucid-DropMenu-label"
          key="OptionGroup-label0"
        >
          Preferred
        </div>
        <div
          className="lucid-DropMenu-Option lucid-DropMenu-Option-is-grouped lucid-DropMenu-Option-is-selected lucid-DropMenu-Option-is-wrapped"
          key="DropMenuOption0"
          onClick={[Function]}
          onMouseMove={[Function]}
        >
          Red
        </div>
        <div
          className="lucid-DropMenu-Option lucid-DropMenu-Option-is-grouped lucid-DropMenu-Option-is-wrapped"
          key="DropMenuOption1"
          onClick={[Function]}
          onMouseMove={[Function]}
        >
          Green
        </div>
        <div
          className="lucid-DropMenu-Option lucid-DropMenu-Option-is-grouped lucid-DropMenu-Option-is-wrapped"
          key="DropMenuOption2"
          onClick={[Function]}
          onMouseMove={[Function]}
        >
          Blue
        </div>
        <div
          className="lucid-DropMenu-OptionGroup-divider"
          key="OptionGroup-divider-0"
        />
        <div
          className="lucid-DropMenu-Option lucid-DropMenu-Option-is-focused lucid-DropMenu-Option-is-wrapped"
          key="DropMenuOption3"
          onClick={[Function]}
          onMouseMove={[Function]}
        >
          Orange
        </div>
        <div
          className="lucid-DropMenu-Option lucid-DropMenu-Option-is-disabled lucid-DropMenu-Option-is-wrapped"
          key="DropMenuOption4"
          onClick={[Function]}
          onMouseMove={[Function]}
        >
          Violet
        </div>
        <div
          className="lucid-DropMenu-Option lucid-DropMenu-Option-is-disabled lucid-DropMenu-Option-is-wrapped"
          key="DropMenuOption5"
          onClick={[Function]}
          onMouseMove={[Function]}
        >
          Brown
        </div>
      </div>
    </ContextMenu.FlyOut>
  </ContextMenu>
</div>
`;
