// Jest Snapshot v1, https://goo.gl/fbAQLP

exports[`MinusCircleLightIcon [common] example testing should match snapshot(s) for 1.default 1`] = `
<Icon
  aspectRatio="xMidYMid meet"
  className="lucid-MinusCircleLightIcon"
  isClickable={false}
  isDisabled={false}
  size={16}
  viewBox="0 0 16 16"
>
  <circle
    className="lucid-MinusCircleLightIcon-background"
    cx="8"
    cy="8"
    r="7.5"
  />
  <path
    className="lucid-MinusCircleLightIcon-dash"
    d="M4.5 8h7"
  />
</Icon>
`;
