// Jest Snapshot v1, https://goo.gl/fbAQLP

exports[`SearchIcon [common] example testing should match snapshot(s) for 1.default 1`] = `
<Icon
  className="lucid-SearchIcon"
>
  <circle
    cx="6"
    cy="6"
    r="5.5"
  />
  <path
    d="M15.5 15.5L9.876 9.876"
  />
</Icon>
`;
